
> my-app@0.1.0 build
> next build

Γû▓ Next.js 16.1.0 (Turbopack)
- Environments: .env

node.exe : ΓÜá The "middleware" file 
convention is deprecated. Please use 
"proxy" instead. Learn more: https://next
js.org/docs/messages/middleware-to-proxy
At C:\Program Files\nodejs\npm.ps1:29 
char:3
+   & $NODE_EXE $NPM_CLI_JS $args
+   ~~~~~~~~~~~~~~~~~~~~~~~~~~~~~
    + CategoryInfo          : NotSpecifi 
   ed: (ΓÜá The "middle...leware-to-pro  
  xy:String) [], RemoteException
    + FullyQualifiedErrorId : NativeComm 
   andError
 
  Creating an optimized production build ...

> Build error occurred
Error: Turbopack build failed with 2 
errors:
./src/app/layout.tsx:16:22
Ecmascript file had an error
[0m [90m 14 |[39m
 [90m 15 |[39m [90m// Dynamic imports 
for heavy animation components to 
improve initial load performance[39m
[31m[1m>[22m[39m[90m 16 |[39m 
[36mconst[39m [33mSmoothScroll[39m 
[33m=[39m dynamic(() [33m=>[39m [36m
import[39m([32m"@/frontend/animations"
[39m)[33m.[39mthen(mod [33m=>[39m mod
[33m.[39m[33mSmoothScroll[39m)[33m,
[39m { ssr[33m:[39m [36mfalse[39m 
})[33m;[39m
 [90m    |[39m                      [3
1m[1m^[22m[39m[31m[1m^[22m[39m[31
m[1m^[22m[39m[31m[1m^[22m[39m[31m
[1m^[22m[39m[31m[1m^[22m[39m[31m
[1m^[22m[39m[31m[1m^[22m[39m[31m[
1m^[22m[39m[31m[1m^[22m[39m[31m[1
m^[22m[39m[31m[1m^[22m[39m[31m[1m
^[22m[39m[31m[1m^[22m[39m[31m[1m^
[22m[39m[31m[1m^[22m[39m[31m[1m^
[22m[39m[31m[1m^[22m[39m[31m[1m^[
22m[39m[31m[1m^[22m[39m[31m[1m^[2
2m[39m[31m[1m^[22m[39m[31m[1m^[22
m[39m[31m[1m^[22m[39m[31m[1m^[22m
[39m[31m[1m^[22m[39m[31m[1m^[22m
[39m[31m[1m^[22m[39m[31m[1m^[22m[
39m[31m[1m^[22m[39m[31m[1m^[22m[3
9m[31m[1m^[22m[39m[31m[1m^[22m[39
m[31m[1m^[22m[39m[31m[1m^[22m[39m
[31m[1m^[22m[39m[31m[1m^[22m[39m
[31m[1m^[22m[39m[31m[1m^[22m[39m[
31m[1m^[22m[39m[31m[1m^[22m[39m[3
1m[1m^[22m[39m[31m[1m^[22m[39m[31
m[1m^[22m[39m[31m[1m^[22m[39m[31m
[1m^[22m[39m[31m[1m^[22m[39m[31m
[1m^[22m[39m[31m[1m^[22m[39m[31m[
1m^[22m[39m[31m[1m^[22m[39m[31m[1
m^[22m[39m[31m[1m^[22m[39m[31m[1m
^[22m[39m[31m[1m^[22m[39m[31m[1m^
[22m[39m[31m[1m^[22m[39m[31m[1m^
[22m[39m[31m[1m^[22m[39m[31m[1m^[
22m[39m[31m[1m^[22m[39m[31m[1m^[2
2m[39m[31m[1m^[22m[39m[31m[1m^[22
m[39m[31m[1m^[22m[39m[31m[1m^[22m
[39m[31m[1m^[22m[39m[31m[1m^[22m
[39m[31m[1m^[22m[39m[31m[1m^[22m[
39m[31m[1m^[22m[39m[31m[1m^[22m[3
9m[31m[1m^[22m[39m[31m[1m^[22m[39
m[31m[1m^[22m[39m[31m[1m^[22m[39m
[31m[1m^[22m[39m[31m[1m^[22m[39m
[31m[1m^[22m[39m[31m[1m^[22m[39m[
31m[1m^[22m[39m[31m[1m^[22m[39m[3
1m[1m^[22m[39m[31m[1m^[22m[39m[31
m[1m^[22m[39m[31m[1m^[22m[39m[31m
[1m^[22m[39m[31m[1m^[22m[39m[31m
[1m^[22m[39m[31m[1m^[22m[39m[31m[
1m^[22m[39m[31m[1m^[22m[39m
 [90m 17 |[39m [36mconst[39m 
[33mMouseEffect[39m [33m=[39m 
dynamic(() [33m=>[39m [36mimport[39m(
[32m"@/frontend/animations"[39m)[33m.
[39mthen(mod [33m=>[39m mod[33m.[39m
[33mMouseEffect[39m)[33m,[39m { 
ssr[33m:[39m [36mfalse[39m 
})[33m;[39m
 [90m 18 |[39m
 [90m 19 |[39m [36mconst[39m 
geistSans [33m=[39m 
[33mGeist[39m({[0m

`ssr: false` is not allowed with 
`next/dynamic` in Server Components. 
Please move it into a Client Component.


./src/app/layout.tsx:17:21
Ecmascript file had an error
[0m [90m 15 |[39m [90m// Dynamic 
imports for heavy animation components 
to improve initial load performance[39m
 [90m 16 |[39m [36mconst[39m 
[33mSmoothScroll[39m [33m=[39m 
dynamic(() [33m=>[39m [36mimport[39m(
[32m"@/frontend/animations"[39m)[33m.
[39mthen(mod [33m=>[39m mod[33m.[39m
[33mSmoothScroll[39m)[33m,[39m { 
ssr[33m:[39m [36mfalse[39m 
})[33m;[39m
[31m[1m>[22m[39m[90m 17 |[39m 
[36mconst[39m [33mMouseEffect[39m 
[33m=[39m dynamic(() [33m=>[39m [36m
import[39m([32m"@/frontend/animations"
[39m)[33m.[39mthen(mod [33m=>[39m mod
[33m.[39m[33mMouseEffect[39m)[33m,[
39m { ssr[33m:[39m [36mfalse[39m 
})[33m;[39m
 [90m    |[39m                     [31
m[1m^[22m[39m[31m[1m^[22m[39m[31m
[1m^[22m[39m[31m[1m^[22m[39m[31m
[1m^[22m[39m[31m[1m^[22m[39m[31m[
1m^[22m[39m[31m[1m^[22m[39m[31m[1
m^[22m[39m[31m[1m^[22m[39m[31m[1m
^[22m[39m[31m[1m^[22m[39m[31m[1m^
[22m[39m[31m[1m^[22m[39m[31m[1m^
[22m[39m[31m[1m^[22m[39m[31m[1m^[
22m[39m[31m[1m^[22m[39m[31m[1m^[2
2m[39m[31m[1m^[22m[39m[31m[1m^[22
m[39m[31m[1m^[22m[39m[31m[1m^[22m
[39m[31m[1m^[22m[39m[31m[1m^[22m
[39m[31m[1m^[22m[39m[31m[1m^[22m[
39m[31m[1m^[22m[39m[31m[1m^[22m[3
9m[31m[1m^[22m[39m[31m[1m^[22m[39
m[31m[1m^[22m[39m[31m[1m^[22m[39m
[31m[1m^[22m[39m[31m[1m^[22m[39m
[31m[1m^[22m[39m[31m[1m^[22m[39m[
31m[1m^[22m[39m[31m[1m^[22m[39m[3
1m[1m^[22m[39m[31m[1m^[22m[39m[31
m[1m^[22m[39m[31m[1m^[22m[39m[31m
[1m^[22m[39m[31m[1m^[22m[39m[31m
[1m^[22m[39m[31m[1m^[22m[39m[31m[
1m^[22m[39m[31m[1m^[22m[39m[31m[1
m^[22m[39m[31m[1m^[22m[39m[31m[1m
^[22m[39m[31m[1m^[22m[39m[31m[1m^
[22m[39m[31m[1m^[22m[39m[31m[1m^
[22m[39m[31m[1m^[22m[39m[31m[1m^[
22m[39m[31m[1m^[22m[39m[31m[1m^[2
2m[39m[31m[1m^[22m[39m[31m[1m^[22
m[39m[31m[1m^[22m[39m[31m[1m^[22m
[39m[31m[1m^[22m[39m[31m[1m^[22m
[39m[31m[1m^[22m[39m[31m[1m^[22m[
39m[31m[1m^[22m[39m[31m[1m^[22m[3
9m[31m[1m^[22m[39m[31m[1m^[22m[39
m[31m[1m^[22m[39m[31m[1m^[22m[39m
[31m[1m^[22m[39m[31m[1m^[22m[39m
[31m[1m^[22m[39m[31m[1m^[22m[39m[
31m[1m^[22m[39m[31m[1m^[22m[39m[3
1m[1m^[22m[39m[31m[1m^[22m[39m[31
m[1m^[22m[39m[31m[1m^[22m[39m[31m
[1m^[22m[39m[31m[1m^[22m[39m[31m
[1m^[22m[39m[31m[1m^[22m[39m[31m[
1m^[22m[39m[31m[1m^[22m[39m[31m[1
m^[22m[39m
 [90m 18 |[39m
 [90m 19 |[39m [36mconst[39m 
geistSans [33m=[39m [33mGeist[39m({
 [90m 20 |[39m   variable[33m:[39m [
32m"--font-geist-sans"[39m[33m,[39m[0
m

`ssr: false` is not allowed with 
`next/dynamic` in Server Components. 
Please move it into a Client Component.


    at <unknown> 
(./src/app/layout.tsx:16:22)
    at <unknown> 
(./src/app/layout.tsx:17:21)
